// Jest Snapshot v1, https://jestjs.io/docs/snapshot-testing

exports[`Button snapshot 1`] = `
<DocumentFragment>
  <button>
    Click me
  </button>
</DocumentFragment>
`;

exports[`sum snapshot 1`] = `5`;
